// Jest Snapshot v1, https://goo.gl/fbAQLP

exports[`Custom button component testing Shallow snapshot testing of custom button component 1`] = `ShallowWrapper {}`;
