// Jest Snapshot v1, https://goo.gl/fbAQLP

exports[`Signin component testing Shallow snapshot testing of Signin component 1`] = `ShallowWrapper {}`;
