// Jest Snapshot v1, https://goo.gl/fbAQLP

exports[`Spinner component testing Shallow snapshot testing of Spinner component 1`] = `ShallowWrapper {}`;
