// Jest Snapshot v1, https://goo.gl/fbAQLP

exports[`Signup component testing Shallow snapshot testing of signup component 1`] = `ShallowWrapper {}`;
