// Jest Snapshot v1, https://goo.gl/fbAQLP

exports[`Form input component testing Shallow snapshot testing of form input component 1`] = `ShallowWrapper {}`;
